[33mÔØ»[39m Building...
[32mÔ£ö[39m Building...
Application bundle generation failed. [4.405 seconds]

node.exe : [1m[31m[31mX 
[41;31m[[41;97mERROR[41;31
m][0m [1mNG5002: Opening 
tag "button" not 
terminated.[0m 
[1m[35m[plugin 
angular-compiler][0m
En línea: 1 Carácter: 1
+ & "C:\Program 
Files\nodejs/node.exe" 
"C:\Program 
Files\nodejs/node_mo ...
+ ~~~~~~~~~~~~~~~~~~~~~~~~~~
~~~~~~~~~~~~~~~~~~~~~~~~~~~~
~~~~~~~~~~~~~~~
    + CategoryInfo          
    : NotSpecified: ([1m  
  [31m[31mX...r-compiler   
 ][0m:String) [], Remot    
eException
    + FullyQualifiedErrorId 
    : NativeCommandError
 

    src/app/pages/dashboard/
dashboard.component.html:27:
12:
[37m      27 Ôöé           
  [32m<button (click)="sele
ctProject(project)"[37m
         ÔòÁ             [3
2m~~~~~~~~~~~~~~~~~~~~~~~~~~
~~~~~~~~~~~~~~[0m

  Error occurs in the 
template of component 
DashboardComponent.

    src/app/pages/dashboard/
dashboard.component.ts:23:17
:
[37m      23 Ôöé     
templateUrl: [32m'./dashboa
rd.component.html'[37m,
         ÔòÁ                
  [32m~~~~~~~~~~~~~~~~~~~~~
~~~~~~~[0m


[31mX [41;31m[[41;97mERRO
R[41;31m][0m [1mNG5002: 
Opening tag "div" not 
terminated.[0m 
[1m[35m[plugin 
angular-compiler][0m

    src/app/pages/dashboard/
dashboard.component.html:35:
16:
[37m      35 Ôöé ...       
   [32m<div class="w-8 h-8 
rounded-lg 
bg-gradient-to-br 
from[37m...
         ÔòÁ              [
32m~~~~~~~~~~~~~~~~~~~~~~~~~
~~~~~~~~~~~~~~~~~~~~~~~~~~~~
[0m

  Error occurs in the 
template of component 
DashboardComponent.

    src/app/pages/dashboard/
dashboard.component.ts:23:17
:
[37m      23 Ôöé     
templateUrl: [32m'./dashboa
rd.component.html'[37m,
         ÔòÁ                
  [32m~~~~~~~~~~~~~~~~~~~~~
~~~~~~~[0m


[31mX [41;31m[[41;97mERRO
R[41;31m][0m [1mNG5002: 
Unexpected closing tag 
"div". It may happen when 
the tag has already been 
closed by another tag. For 
more info see https://www.w3
.org/TR/html5/syntax.html#cl
osing-elements-that-have-imp
lied-end-tags[0m 
[1m[35m[plugin 
angular-compiler][0m

    src/app/pages/dashboard/
dashboard.component.html:39:
16:
[37m      39 Ôöé           
      [32m</div>[37m
         ÔòÁ                
 [32m~~~~~~[0m

  Error occurs in the 
template of component 
DashboardComponent.

    src/app/pages/dashboard/
dashboard.component.ts:23:17
:
[37m      23 Ôöé     
templateUrl: [32m'./dashboa
rd.component.html'[37m,
         ÔòÁ                
  [32m~~~~~~~~~~~~~~~~~~~~~
~~~~~~~[0m


[31mX [41;31m[[41;97mERRO
R[41;31m][0m [1mNG5002: 
Unexpected closing tag 
"button". It may happen 
when the tag has already 
been closed by another tag. 
For more info see https://ww
w.w3.org/TR/html5/syntax.htm
l#closing-elements-that-have
-implied-end-tags[0m 
[1m[35m[plugin 
angular-compiler][0m

    src/app/pages/dashboard/
dashboard.component.html:46:
12:
[37m      46 Ôöé           
  [32m</button>[37m
         ÔòÁ             
[32m~~~~~~~~~[0m

  Error occurs in the 
template of component 
DashboardComponent.

    src/app/pages/dashboard/
dashboard.component.ts:23:17
:
[37m      23 Ôöé     
templateUrl: [32m'./dashboa
rd.component.html'[37m,
         ÔòÁ                
  [32m~~~~~~~~~~~~~~~~~~~~~
~~~~~~~[0m


[31mX [41;31m[[41;97mERRO
R[41;31m][0m [1mNG5002: 
Unexpected closing block. 
The block may have been 
closed earlier. If you 
meant to write the } 
character, you should use 
the "&#125;" HTML entity 
instead.[0m 
[1m[35m[plugin 
angular-compiler][0m

    src/app/pages/dashboard/
dashboard.component.html:47:
12:
[37m      47 Ôöé           
  [32m}[37m
         ÔòÁ             
[32m^[0m

  Error occurs in the 
template of component 
DashboardComponent.

    src/app/pages/dashboard/
dashboard.component.ts:23:17
:
[37m      23 Ôöé     
templateUrl: [32m'./dashboa
rd.component.html'[37m,
         ÔòÁ                
  [32m~~~~~~~~~~~~~~~~~~~~~
~~~~~~~[0m


[31mX [41;31m[[41;97mERRO
R[41;31m][0m [1mNG5002: 
Unexpected closing tag 
"nav". It may happen when 
the tag has already been 
closed by another tag. For 
more info see https://www.w3
.org/TR/html5/syntax.html#cl
osing-elements-that-have-imp
lied-end-tags[0m 
[1m[35m[plugin 
angular-compiler][0m

    src/app/pages/dashboard/
dashboard.component.html:59:
8:
[37m      59 Ôöé         
[32m</nav>[37m
         ÔòÁ         
[32m~~~~~~[0m

  Error occurs in the 
template of component 
DashboardComponent.

    src/app/pages/dashboard/
dashboard.component.ts:23:17
:
[37m      23 Ôöé     
templateUrl: [32m'./dashboa
rd.component.html'[37m,
         ÔòÁ                
  [32m~~~~~~~~~~~~~~~~~~~~~
~~~~~~~[0m


[31mX [41;31m[[41;97mERRO
R[41;31m][0m [1mNG5002: 
Unexpected closing tag 
"aside". It may happen when 
the tag has already been 
closed by another tag. For 
more info see https://www.w3
.org/TR/html5/syntax.html#cl
osing-elements-that-have-imp
lied-end-tags[0m 
[1m[35m[plugin 
angular-compiler][0m

    src/app/pages/dashboard/
dashboard.component.html:82:
4:
[37m      82 Ôöé     
[32m</aside>[37m
         ÔòÁ     
[32m~~~~~~~~[0m

  Error occurs in the 
template of component 
DashboardComponent.

    src/app/pages/dashboard/
dashboard.component.ts:23:17
:
[37m      23 Ôöé     
templateUrl: [32m'./dashboa
rd.component.html'[37m,
         ÔòÁ                
  [32m~~~~~~~~~~~~~~~~~~~~~
~~~~~~~[0m


[31mX [41;31m[[41;97mERRO
R[41;31m][0m [1mNG5002: 
Unexpected closing tag 
"div". It may happen when 
the tag has already been 
closed by another tag. For 
more info see https://www.w3
.org/TR/html5/syntax.html#cl
osing-elements-that-have-imp
lied-end-tags[0m 
[1m[35m[plugin 
angular-compiler][0m

    src/app/pages/dashboard/
dashboard.component.html:264
:0:
[37m      264 Ôöé 
[32m</div>[37m
          ÔòÁ 
[32m~~~~~~[0m

  Error occurs in the 
template of component 
DashboardComponent.

    src/app/pages/dashboard/
dashboard.component.ts:23:17
:
[37m      23 Ôöé     
templateUrl: [32m'./dashboa
rd.component.html'[37m,
         ÔòÁ                
  [32m~~~~~~~~~~~~~~~~~~~~~
~~~~~~~[0m

[39m[22m
